// Jest Snapshot v1, https://goo.gl/fbAQLP

exports[`Component/TransactionModal/Sale opened - Conf : Instant should match the snapshot 1`] = `
<DocumentFragment>
  <div
    class="MuiBox-root css-0"
  >
    <div
      class="MuiBox-root css-0"
    >
      <div
        class="MuiBox-root css-g5ybiu"
      >
        <p
          class="MuiTypography-root MuiTypography-body1 MuiTypography-gutterBottom css-16m3jxf-MuiTypography-root"
        >
          Transaction type:
        </p>
        <h5
          class="MuiTypography-root MuiTypography-h5 MuiTypography-gutterBottom css-h93ljk-MuiTypography-root"
        >
          Sale opened
        </h5>
        <p
          class="MuiTypography-root MuiTypography-body1 MuiTypography-gutterBottom css-16m3jxf-MuiTypography-root"
        >
          Sale ID:
        </p>
        <p
          class="MuiTypography-root MuiTypography-body1 MuiTypography-gutterBottom css-d3wcwz-MuiTypography-root"
        >
          saleId
        </p>
      </div>
      <div
        class="MuiBox-root css-hpgf8j"
      >
        <div
          class="MuiGrid-root MuiGrid-container MuiGrid-spacing-xs-2 css-mhc70k-MuiGrid-root"
        >
          <div
            class="MuiGrid-root MuiGrid-item MuiGrid-grid-xs-6 MuiGrid-grid-md-6 css-1osj8n2-MuiGrid-root"
          >
            <p
              class="MuiTypography-root MuiTypography-body1 MuiTypography-gutterBottom css-16m3jxf-MuiTypography-root"
            >
              Pricing type:
            </p>
            <p
              class="MuiTypography-root MuiTypography-body1 MuiTypography-gutterBottom css-1rzlxhl-MuiTypography-root"
            >
              INSTANT
            </p>
            <p
              class="MuiTypography-root MuiTypography-body1 MuiTypography-gutterBottom css-16m3jxf-MuiTypography-root"
            >
              Transaction ID:
            </p>
            <p
              class="MuiTypography-root MuiTypography-body1 MuiTypography-gutterBottom css-1rzlxhl-MuiTypography-root"
            >
              ID
            </p>
          </div>
        </div>
      </div>
    </div>
  </div>
</DocumentFragment>
`;
