// Jest Snapshot v1, https://goo.gl/fbAQLP

exports[`formtab should match snapshot 1`] = `<DocumentFragment />`;
