// Jest Snapshot v1, https://goo.gl/fbAQLP

exports[`jsontab should match snapshot 1`] = `<DocumentFragment />`;
