// Jest Snapshot v1, https://goo.gl/fbAQLP

exports[`rawtab should match snapshot 1`] = `<DocumentFragment />`;
