// Jest Snapshot v1, https://goo.gl/fbAQLP

exports[`treetab should match snapshot 1`] = `<DocumentFragment />`;
